../forms/teacher/courses.php
../forms/teacher/membership_request.php
../forms/teacher/add_exercise.php
../forms/teacher/exercises.php
../forms/teacher/students.php
../forms/teacher/logs.php
../forms/student/courses.php
../forms/student/exercises.php
../forms/admin/signin.php
../forms/admin/teachers.php
../forms/common/password_recovery.php
../forms/common/compiler.php
../forms/common/signup.php
../layout/left-menu.php
../layout/home.php
../layout/profile.php
../layout/admin-home.php
../layout/error/404.php
../layout/account/login_input.php
../layout/problemset/view.php
../layout/index.php
../layout/course/view.php
../layout/user/view.php
../layout/header.php
../layout/exercise/search.php
../layout/exercise/index.php
../layout/exercise/view.php
../layout/announcement/view.php
../layout/announcement/index.php
../libcc/account/newpass.php
../libcc/account/password_recovery.php
../libcc/account/check_username.php
../libcc/account/signup.php
../libcc/teacher/send_mail_exercise.php
../libcc/teacher/add_course.php
../libcc/teacher/add_exercise.php
../libcc/teacher/courses.php
../libcc/teacher/exercises.php
../libcc/teacher/logs.php
../libcc/teacher/verify_membership.php
../libcc/teacher/edit_course.php
../libcc/teacher/membership_request.php
../libcc/teacher/students.php
../libcc/student/courses.php
../libcc/student/exercises.php
../libcc/student/join_course.php
../libcc/student/send_exercise.php
../libcc/admin/add.teacher.php
../libcc/admin/del.teacher.php
../libcc/admin/signin.php
../libcc/common/signout.php
../libcc/common/view_compile_error.php
../libcc/common/view_source_code.php
../libcc/common/view_test_case_input.php
../libcc/common/view_test_case_true_output.php
../libcc/common/view_test_case_output.php
../libcc/common/compiler.php
../libcc/common/view_detailed_logs.php
../libcc/captcha/captcha.php
../libcc/captcha/lib.php
../libcc/time.php
../libcc/mail.php
../libcc/config_sample.php
../libcc/context.class.php
../libcc/query.class.php
../libcc/course.php
../libcc/error_codes.php
../libcc/user.php
../libcc/routing.php
../libcc/locale.class.php
../libcc/db.class.php
../libcc/session.php
../libcc/date.php
../libcc/account.php
../libcc/general.functions.php
../libcc/problemset.php
../libcc/announcement.php
../libcc/formating.php
../libcc/config.php
../libcc/exercise.php
../logs/statix.php
../script/teacher/add_exercise.js.php
../script/teacher/membership_requests.js.php
../script/student/exercises.js.php
../script/TableForm.js.php
../script/highcharts/exporting-server/php/index-with-imagick.php
../script/highcharts/exporting-server/php/index.php
../test.php
../update.exercise_result.php
../action/course/view.php
../action/exercise/search_post.php
../action/exercise/stats.php
../action/exercise/search_input.php
../action/exercise/index.php
../action/exercise/view.php
../action/announcement/view.php
../action/announcement/index.php
../action/account/login_input.php
../action/account/login_post.php
../action/account/signup_form.php
../action/problemset/view.php
../action/problemset/stats.php
../action/user/view.php
../action/index.php
../index.php
../index.js.php
