../logs/statix.php
../index.js.php
../update.exercise_result.php
../index.php
../layout/left-menu.php
../layout/admin-home.php
../layout/main.php
../layout/notice.php
../layout/course.php
../layout/home.php
../layout/profile.php
../layout/seri_exercise.php
../layout/single_exercise.php
../layout/header_div.php
../script/TableForm.js.php
../script/login.js.php
../script/teacher/membership_requests.js.php
../script/teacher/add_exercise.js.php
../script/student/exercises.js.php
../script/locale.js.php
../forms/teacher/add_exercise.php
../forms/teacher/courses.php
../forms/teacher/logs.php
../forms/teacher/membership_request.php
../forms/teacher/students.php
../forms/teacher/exercises.php
../forms/student/courses.php
../forms/student/exercises.php
../forms/admin/signin.php
../forms/admin/teachers.php
../forms/common/compiler.php
../forms/common/signup.php
../forms/common/password_recovery.php
../forms/common/signin.php
../libcc/routing.php
../libcc/context.class.php
../libcc/config.php
../libcc/account/check_username.php
../libcc/account/newpass.php
../libcc/account/password_recovery.php
../libcc/account/signup.php
../libcc/teacher/add_course.php
../libcc/teacher/add_exercise.php
../libcc/teacher/edit_course.php
../libcc/teacher/membership_request.php
../libcc/teacher/send_mail_exercise.php
../libcc/teacher/verify_membership.php
../libcc/teacher/courses.php
../libcc/teacher/students.php
../libcc/teacher/logs.php
../libcc/teacher/exercises.php
../libcc/student/courses.php
../libcc/student/exercises.php
../libcc/student/join_course.php
../libcc/student/send_exercise.php
../libcc/admin/add.teacher.php
../libcc/admin/del.teacher.php
../libcc/admin/signin.php
../libcc/common/view_source_code.php
../libcc/common/view_compile_error.php
../libcc/common/compiler.php
../libcc/common/signin.php
../libcc/common/signout.php
../libcc/common/view_detailed_logs.php
../libcc/common/view_test_case_input.php
../libcc/common/view_test_case_true_output.php
../libcc/common/view_test_case_output.php
../libcc/captcha/captcha.php
../libcc/captcha/lib.php
../libcc/date.php
../libcc/error_codes.php
../libcc/formating.php
../libcc/general.functions.php
../libcc/mail.php
../libcc/session.php
../libcc/time.php
../libcc/config_sample.php
../libcc/db.class.php
